array = [
true,
false,
]
bool = true
int = 0
string = "Hello, world!"

