Merging two tables with duplicate keys raises an exception

Merged table:
a = 1
b = [
1,
2,
]

